python : Traceback 
(most recent call 
last):
At line:1 char:1
+ python tests.py > 
test_output.txt 2>&1
+ ~~~~~~~~~~~~~~~~~~~~
~~~~~~~~~~~~~~~~~~
    + CategoryInfo    
          : NotSpeci  
  fied: (Traceback    
 (most recent call    
 last)::String) [    
], RemoteExceptio    n
    + FullyQualifiedE 
   rrorId : NativeCo  
  mmandError
 
  File "D:\adaptive 
router\tests.py", 
line 628, in <module>
    success = 
run_all_tests()
              
^^^^^^^^^^^^^^^
  File "D:\adaptive 
router\tests.py", 
line 571, in 
run_all_tests
    print("\u2550" * 
70)
  File "C:\Users\VICTU
S\AppData\Local\Progra
ms\Python\Python311\Li
b\encodings\cp1252.py"
, line 19, in encode
    return codecs.char
map_encode(input,self.
errors,encoding_table)
[0]
           ^^^^^^^^^^^
^^^^^^^^^^^^^^^^^^^^^^
^^^^^^^^^^^^^^^^^^^^^^
UnicodeEncodeError: 
'charmap' codec can't 
encode characters in 
position 0-69: 
character maps to 
<undefined>
